
[90m┌[39m  Building storybook v10.6.1
[90m│[39m
[32m◇[39m  Cleaning outputDir: [36m../AppData/Local/Temp/chromatic--8708-uTDDRGpZmlMl[39m
[90m│[39m
[32m◇[39m  Loading presets
[90m│[39m
[32m◇[39m  Building manager..
[90m│[39m
[34m●[39m  Building open services..
[90m│[39m
[34m●[39m  Building preview..
[90m│[39m  [43mVite[49m [36mvite v7.3.7 [32mbuilding client environment for production...[36m[39m
[90m│[39m  [43mVite[49m transforming...
[90m│[39m  [43mVite[49m [32m✓[39m 435 modules transformed.
[90m│[39m  [43mVite[49m rendering chunks...
[90m│[39m  [43mVite[49m computing gzip size...
[90m│[39m  [43mVite[49m [2m../AppData/Local/Temp/chromatic--8708-uTDDRGpZmlMl/[22m[32miframe.html[39m[1m[2m[22m
[90m│[39m  [2m18.94 kB[22m[1m[22m[2m │ gzip:   5.32 kB[22m
[90m│[39m  [43mVite[49m
[90m│[39m  [2m../AppData/Local/Temp/chromatic--8708-uTDDRGpZmlMl/[22m[35massets/iframe-5CbQCtDV.css[39m[1m[2m[22m
[90m│[39m  [2m42.06 kB[22m[1m[22m[2m │ gzip:   6.04 kB[22m
[90m│[39m  [43mVite[49m
[90m│[39m  [2m../AppData/Local/Temp/chromatic--8708-uTDDRGpZmlMl/[22m[36massets/react-18-BYWLAQsB.js[39m[1m[2m[22m
[90m│[39m  [2m0.81 kB[22m[1m[22m[2m │ gzip:   0.48 kB[22m
[90m│[39m  [43mVite[49m
[90m│[39m  [2m../AppData/Local/Temp/chromatic--8708-uTDDRGpZmlMl/[22m[36massets/Logo.stories-DfCPoTHe.js[39m[1m[2m[22m
[90m│[39m  [2m1.11 kB[22m[1m[22m[2m │ gzip:   0.63 kB[22m
[90m│[39m  [43mVite[49m
[90m│[39m  [2m../AppData/Local/Temp/chromatic--8708-uTDDRGpZmlMl/[22m[36massets/preload-helper-Zf8nSx-t.js[39m[1m[2m[22m
[90m│[39m  [2m1.23 kB[22m[1m[22m[2m │ gzip:   0.71 kB[22m
[90m│[39m  [43mVite[49m
[90m│[39m  [2m../AppData/Local/Temp/chromatic--8708-uTDDRGpZmlMl/[22m[36massets/Icon.stories-VnK3TUch.js[39m[1m[2m[22m
[90m│[39m  [2m1.63 kB[22m[1m[22m[2m │ gzip:   0.76 kB[22m
[90m│[39m  [43mVite[49m
[90m│[39m  [2m../AppData/Local/Temp/chromatic--8708-uTDDRGpZmlMl/[22m[36massets/Avatar.stories-CWz11hiO.js[39m[1m[2m[22m
[90m│[39m  [2m1.95 kB[22m[1m[22m[2m │ gzip:   0.83 kB[22m
[90m│[39m  [43mVite[49m
[90m│[39m  [2m../AppData/Local/Temp/chromatic--8708-uTDDRGpZmlMl/[22m[36massets/Avatar-CjNvqWev.js[39m[1m[2m[22m
[90m│[39m  [2m2.51 kB[22m[1m[22m[2m │ gzip:   1.14 kB[22m
[90m│[39m  [43mVite[49m
[90m│[39m  [2m../AppData/Local/Temp/chromatic--8708-uTDDRGpZmlMl/[22m[36massets/Splash.stories-CXNaaCpJ.js[39m[1m[2m[22m
[90m│[39m  [2m3.18 kB[22m[1m[22m[2m │ gzip:   1.43 kB[22m
[90m│[39m  [43mVite[49m
[90m│[39m  [2m../AppData/Local/Temp/chromatic--8708-uTDDRGpZmlMl/[22m[36massets/Input.stories-DNDmbNEQ.js[39m[1m[2m[22m
[90m│[39m  [2m3.61 kB[22m[1m[22m[2m │ gzip:   1.36 kB[22m
[90m│[39m  [43mVite[49m
[90m│[39m  [2m../AppData/Local/Temp/chromatic--8708-uTDDRGpZmlMl/[22m[36massets/Header.stories-CHG-o4sw.js[39m[1m[2m[22m
[90m│[39m  [2m6.09 kB[22m[1m[22m[2m │ gzip:   1.98 kB[22m
[90m│[39m  [43mVite[49m
[90m│[39m  [2m../AppData/Local/Temp/chromatic--8708-uTDDRGpZmlMl/[22m[36massets/Menu.stories-CIGQfFIf.js[39m[1m[2m[22m
[90m│[39m  [2m7.27 kB[22m[1m[22m[2m │ gzip:   2.46 kB[22m
[90m│[39m  [43mVite[49m
[90m│[39m  [2m../AppData/Local/Temp/chromatic--8708-uTDDRGpZmlMl/[22m[36massets/Button.stories-DpQd9Rix.js[39m[1m[2m[22m
[90m│[39m  [2m8.97 kB[22m[1m[22m[2m │ gzip:   2.20 kB[22m
[90m│[39m  [43mVite[49m
[90m│[39m  [2m../AppData/Local/Temp/chromatic--8708-uTDDRGpZmlMl/[22m[36massets/Stepper.stories-Cq0-uVCA.js[39m[1m[2m[22m
[90m│[39m  [2m8.97 kB[22m[1m[22m[2m │ gzip:   2.67 kB[22m
[90m│[39m  [43mVite[49m
[90m│[39m  [2m../AppData/Local/Temp/chromatic--8708-uTDDRGpZmlMl/[22m[36massets/Icon-DRbTPjfR.js[39m[1m[2m[22m
[90m│[39m  [2m9.33 kB[22m[1m[22m[2m │ gzip:   3.67 kB[22m
[90m│[39m  [43mVite[49m
[90m│[39m  [2m../AppData/Local/Temp/chromatic--8708-uTDDRGpZmlMl/[22m[36massets/Input-CK51msZ_.js[39m[1m[2m[22m
[90m│[39m  [2m11.28 kB[22m[1m[22m[2m │ gzip:   2.97 kB[22m
[90m│[39m  [43mVite[49m
[90m│[39m  [2m../AppData/Local/Temp/chromatic--8708-uTDDRGpZmlMl/[22m[36massets/xml-DSQauff5.js[39m[1m[2m[22m
[90m│[39m  [2m27.52 kB[22m[1m[22m[2m │ gzip:   8.55 kB[22m
[90m│[39m  [43mVite[49m
[90m│[39m  [2m../AppData/Local/Temp/chromatic--8708-uTDDRGpZmlMl/[22m[36mvite-inject-mocker-entry.js[39m[1m[2m[22m
[90m│[39m  [2m28.11 kB[22m[1m[22m[2m │ gzip:   9.82 kB[22m
[90m│[39m  [43mVite[49m
[90m│[39m  [2m../AppData/Local/Temp/chromatic--8708-uTDDRGpZmlMl/[22m[36massets/matchers-JIUQ3HVY-Dpi2m7LR.js[39m[1m[2m[22m
[90m│[39m  [2m29.29 kB[22m[1m[22m[2m │ gzip:  10.10 kB[22m
[90m│[39m  [43mVite[49m
[90m│[39m  [2m../AppData/Local/Temp/chromatic--8708-uTDDRGpZmlMl/[22m[36massets/Logo-FRkk6VaW.js[39m[1m[2m[22m
[90m│[39m  [2m37.28 kB[22m[1m[22m[2m │ gzip:   5.83 kB[22m
[90m│[39m  [43mVite[49m
[90m│[39m  [2m../AppData/Local/Temp/chromatic--8708-uTDDRGpZmlMl/[22m[36massets/client-BaAGumjI.js[39m[1m[2m[22m
[90m│[39m  [2m184.07 kB[22m[1m[22m[2m │ gzip:  57.65 kB[22m
[90m│[39m  [43mVite[49m
[90m│[39m  [2m../AppData/Local/Temp/chromatic--8708-uTDDRGpZmlMl/[22m[36massets/index-O7oGz6e9.js[39m[1m[2m[22m
[90m│[39m  [2m196.98 kB[22m[1m[22m[2m │ gzip:  59.21 kB[22m
[90m│[39m  [43mVite[49m
[90m│[39m  [2m../AppData/Local/Temp/chromatic--8708-uTDDRGpZmlMl/[22m[36massets/axe-CcFg58mB.js[39m[1m[33m[39m
[90m│[39m  [33m675.81 kB[39m[22m[2m │ gzip: 193.81 kB[22m
[90m│[39m  [43mVite[49m
[90m│[39m  [2m../AppData/Local/Temp/chromatic--8708-uTDDRGpZmlMl/[22m[36massets/iframe-DIOo6dDP.js[39m
[90m│[39m  [36m[39m[1m[33m1,215.22 kB[39m[22m[2m │ gzip: 350.91 kB[22m
[90m│[39m
[33m▲[39m  [43mVite[49m[33m
[90m│[39m  (!) Some chunks are larger than 500 kB after minification. Consider:
[90m│[39m  - Using dynamic import() to code-split the application
[90m│[39m  - Use build.rollupOptions.output.manualChunks to improve chunking:
[90m│[39m  ]8;;https://rollupjs.org/configuration-options/#output-manualchunkshttps://rollupjs.org/configuration-options/#output-manualchunks]8;;
[90m│[39m  - Adjust chunk size limit for this warning via
[90m│[39m  build.chunkSizeWarningLimit.[39m
[90m│[39m  [43mVite[49m [32m✓ built in 10.41s[39m
[90m│[39m
[34m●[39m  Preview stats written to
[90m│[39m  [36mC:\Users\riest\AppData\Local\Temp\chromatic--8708-uTDDRGpZmlMl\preview-stats.json[39m
[90m│[39m
[32m◇[39m  Output directory:
[90m│[39m  C:/Users/riest/AppData/Local/Temp/chromatic--8708-uTDDRGpZmlMl
[90m│[39m
[90m└[39m  Storybook build completed successfully

